
Running 3 tests using 3 workers

[1A[2K[1/3] [chromium] ΓÇ║ src\tests\header.spec.ts:58:13 ΓÇ║ 91infra Header Tests - English (en) ΓÇ║ should display and verify navigation menu items
[1A[2K[2/3] [chromium] ΓÇ║ src\tests\header.spec.ts:58:13 ΓÇ║ 91infra Header Tests - Hindi (hi) ΓÇ║ should display and verify navigation menu items
[1A[2K[3/3] [chromium] ΓÇ║ src\tests\header.spec.ts:58:13 ΓÇ║ 91infra Header Tests - Base (Default) ΓÇ║ should display and verify navigation menu items
[1A[2K  1) [chromium] ΓÇ║ src\tests\header.spec.ts:58:13 ΓÇ║ 91infra Header Tests - Hindi (hi) ΓÇ║ should display and verify navigation menu items 

    Error: [2mexpect([22m[31mlocator[39m[2m).[22mtoBeVisible[2m([22m[2m)[22m failed

    Locator: locator('ul.hidden.lg:flex').getByText('αñ¿αñ┐αñ░αÑìαñ«αñ╛αñú αñëαñ¬αñòαñ░αñú').first()
    Expected: visible
    SyntaxError: Failed to execute 'querySelectorAll' on 'Document': 'ul.hidden.lg:flex' is not a valid selector.
        at query (<anonymous>:5232:41)
        at <anonymous>:5242:7
        at SelectorEvaluatorImpl._cached (<anonymous>:5019:20)
        at SelectorEvaluatorImpl._queryCSS (<anonymous>:5229:17)
        at SelectorEvaluatorImpl._querySimple (<anonymous>:5109:19)
        at <anonymous>:5057:29
        at SelectorEvaluatorImpl._cached (<anonymous>:5019:20)
        at SelectorEvaluatorImpl.query (<anonymous>:5050:19)
        at Object.query (<anonymous>:5264:44)
        at <anonymous>:5222:21

    Call log:
    [2m  - Expect "toBeVisible" with timeout 5000ms[22m
    [2m  - waiting for locator('ul.hidden.lg:flex').getByText('αñ¿αñ┐αñ░αÑìαñ«αñ╛αñú αñëαñ¬αñòαñ░αñú').first()[22m

        at query (<anonymous>:5232:41)
        at <anonymous>:5242:7
        at SelectorEvaluatorImpl._cached (<anonymous>:5019:20)
        at SelectorEvaluatorImpl._queryCSS (<anonymous>:5229:17)
        at SelectorEvaluatorImpl._querySimple (<anonymous>:5109:19)
        at <anonymous>:5057:29
        at SelectorEvaluatorImpl._cached (<anonymous>:5019:20)
        at SelectorEvaluatorImpl.query (<anonymous>:5050:19)
        at Object.query (<anonymous>:5264:44)
        at <anonymous>:5222:21
        at Header.verifyNavigationItems (C:\Users\Inno\Desktop\Infra\src\pages\components\Header.ts:91:36)
        at C:\Users\Inno\Desktop\Infra\src\tests\header.spec.ts:60:30

    Error Context: test-results\header-91infra-Header-Test-fc363-erify-navigation-menu-items-chromium\error-context.md


[1A[2K  2) [chromium] ΓÇ║ src\tests\header.spec.ts:58:13 ΓÇ║ 91infra Header Tests - English (en) ΓÇ║ should display and verify navigation menu items 

    Error: [2mexpect([22m[31mlocator[39m[2m).[22mtoBeVisible[2m([22m[2m)[22m failed

    Locator: locator('ul.hidden.lg:flex').getByText('Construction Equipments').first()
    Expected: visible
    SyntaxError: Failed to execute 'querySelectorAll' on 'Document': 'ul.hidden.lg:flex' is not a valid selector.
        at query (<anonymous>:5232:41)
        at <anonymous>:5242:7
        at SelectorEvaluatorImpl._cached (<anonymous>:5019:20)
        at SelectorEvaluatorImpl._queryCSS (<anonymous>:5229:17)
        at SelectorEvaluatorImpl._querySimple (<anonymous>:5109:19)
        at <anonymous>:5057:29
        at SelectorEvaluatorImpl._cached (<anonymous>:5019:20)
        at SelectorEvaluatorImpl.query (<anonymous>:5050:19)
        at Object.query (<anonymous>:5264:44)
        at <anonymous>:5222:21

    Call log:
    [2m  - Expect "toBeVisible" with timeout 5000ms[22m
    [2m  - waiting for locator('ul.hidden.lg:flex').getByText('Construction Equipments').first()[22m

        at query (<anonymous>:5232:41)
        at <anonymous>:5242:7
        at SelectorEvaluatorImpl._cached (<anonymous>:5019:20)
        at SelectorEvaluatorImpl._queryCSS (<anonymous>:5229:17)
        at SelectorEvaluatorImpl._querySimple (<anonymous>:5109:19)
        at <anonymous>:5057:29
        at SelectorEvaluatorImpl._cached (<anonymous>:5019:20)
        at SelectorEvaluatorImpl.query (<anonymous>:5050:19)
        at Object.query (<anonymous>:5264:44)
        at <anonymous>:5222:21
        at Header.verifyNavigationItems (C:\Users\Inno\Desktop\Infra\src\pages\components\Header.ts:91:36)
        at C:\Users\Inno\Desktop\Infra\src\tests\header.spec.ts:60:30

    Error Context: test-results\header-91infra-Header-Test-27a68-erify-navigation-menu-items-chromium\error-context.md


[1A[2K  3) [chromium] ΓÇ║ src\tests\header.spec.ts:58:13 ΓÇ║ 91infra Header Tests - Base (Default) ΓÇ║ should display and verify navigation menu items 

    Error: [2mexpect([22m[31mlocator[39m[2m).[22mtoBeVisible[2m([22m[2m)[22m failed

    Locator: locator('ul.hidden.lg:flex').getByText('Construction Equipments').first()
    Expected: visible
    SyntaxError: Failed to execute 'querySelectorAll' on 'Document': 'ul.hidden.lg:flex' is not a valid selector.
        at query (<anonymous>:5232:41)
        at <anonymous>:5242:7
        at SelectorEvaluatorImpl._cached (<anonymous>:5019:20)
        at SelectorEvaluatorImpl._queryCSS (<anonymous>:5229:17)
        at SelectorEvaluatorImpl._querySimple (<anonymous>:5109:19)
        at <anonymous>:5057:29
        at SelectorEvaluatorImpl._cached (<anonymous>:5019:20)
        at SelectorEvaluatorImpl.query (<anonymous>:5050:19)
        at Object.query (<anonymous>:5264:44)
        at <anonymous>:5222:21

    Call log:
    [2m  - Expect "toBeVisible" with timeout 5000ms[22m
    [2m  - waiting for locator('ul.hidden.lg:flex').getByText('Construction Equipments').first()[22m

        at query (<anonymous>:5232:41)
        at <anonymous>:5242:7
        at SelectorEvaluatorImpl._cached (<anonymous>:5019:20)
        at SelectorEvaluatorImpl._queryCSS (<anonymous>:5229:17)
        at SelectorEvaluatorImpl._querySimple (<anonymous>:5109:19)
        at <anonymous>:5057:29
        at SelectorEvaluatorImpl._cached (<anonymous>:5019:20)
        at SelectorEvaluatorImpl.query (<anonymous>:5050:19)
        at Object.query (<anonymous>:5264:44)
        at <anonymous>:5222:21
        at Header.verifyNavigationItems (C:\Users\Inno\Desktop\Infra\src\pages\components\Header.ts:91:36)
        at C:\Users\Inno\Desktop\Infra\src\tests\header.spec.ts:60:30

    Error Context: test-results\header-91infra-Header-Test-ceda2-erify-navigation-menu-items-chromium\error-context.md


[1A[2K  3 failed
    [chromium] ΓÇ║ src\tests\header.spec.ts:58:13 ΓÇ║ 91infra Header Tests - Base (Default) ΓÇ║ should display and verify navigation menu items 
    [chromium] ΓÇ║ src\tests\header.spec.ts:58:13 ΓÇ║ 91infra Header Tests - English (en) ΓÇ║ should display and verify navigation menu items 
    [chromium] ΓÇ║ src\tests\header.spec.ts:58:13 ΓÇ║ 91infra Header Tests - Hindi (hi) ΓÇ║ should display and verify navigation menu items 

[36m  Serving HTML report at http://localhost:60980. Press Ctrl+C to quit.[39m
